// Jest Snapshot v1, https://goo.gl/fbAQLP

exports[`Loading component should match snapshot 1`] = `
<div>
  <h1
    class="t1 loading"
    style="font-size: 4rem;"
  >
    Loading
  </h1>
</div>
`;
