// Jest Snapshot v1, https://goo.gl/fbAQLP

exports[`expect to render Card component 1`] = `
"<div>
  <Card name=\\"John Locke\\" email=\\"locke@gmail.com\\" />
</div>"
`;
