// Jest Snapshot v1, https://goo.gl/fbAQLP

exports[`ErrorAlert component render expect ErrorAlert component to match snapshot 1`] = `ShallowWrapper {}`;
