// Jest Snapshot v1, https://goo.gl/fbAQLP

exports[`App should match snapshot 1`] = `
<div>
  <div
    class="tc"
  >
    <div
      class="alert-container"
      role="alert"
    >
      <h1
        class="t1 loading"
        style="font-size: 4rem;"
      >
        Loading
      </h1>
    </div>
  </div>
</div>
`;
